23:15:34 **** Build of configuration Debug for project 1_built_in_led_blink ****
make -j16 all 
arm-none-eabi-gcc -mcpu=cortex-m4 -g3 -DDEBUG -c -x assembler-with-cpp -MMD -MP -MF"Startup/startup_stm32f446retx.d" -MT"Startup/startup_stm32f446retx.o" --specs=nano.specs -mfpu=fpv4-sp-d16 -mfloat-abi=hard -mthumb -o "Startup/startup_stm32f446retx.o" "../Startup/startup_stm32f446retx.s"
arm-none-eabi-gcc "../Src/main.c" -mcpu=cortex-m4 -std=gnu11 -g3 -DDEBUG -DSTM32 -DSTM32F4 -DSTM32F446RETx -DNUCLEO_F446RE -c -I../Inc -O0 -ffunction-sections -fdata-sections -Wall -fstack-usage -MMD -MP -MF"Src/main.d" -MT"Src/main.o" --specs=nano.specs -mfpu=fpv4-sp-d16 -mfloat-abi=hard -mthumb -o "Src/main.o"
arm-none-eabi-gcc "../Src/syscalls.c" -mcpu=cortex-m4 -std=gnu11 -g3 -DDEBUG -DSTM32 -DSTM32F4 -DSTM32F446RETx -DNUCLEO_F446RE -c -I../Inc -O0 -ffunction-sections -fdata-sections -Wall -fstack-usage -MMD -MP -MF"Src/syscalls.d" -MT"Src/syscalls.o" --specs=nano.specs -mfpu=fpv4-sp-d16 -mfloat-abi=hard -mthumb -o "Src/syscalls.o"
arm-none-eabi-gcc "../Src/sysmem.c" -mcpu=cortex-m4 -std=gnu11 -g3 -DDEBUG -DSTM32 -DSTM32F4 -DSTM32F446RETx -DNUCLEO_F446RE -c -I../Inc -O0 -ffunction-sections -fdata-sections -Wall -fstack-usage -MMD -MP -MF"Src/sysmem.d" -MT"Src/sysmem.o" --specs=nano.specs -mfpu=fpv4-sp-d16 -mfloat-abi=hard -mthumb -o "Src/sysmem.o"
arm-none-eabi-gcc -o "1_built_in_led_blink.elf" @"objects.list"   -mcpu=cortex-m4 -T"D:\STM32\STM32F446RE\workspace\1_built_in_led_blink\STM32F446RETX_FLASH.ld" --specs=nosys.specs -Wl,-Map="1_built_in_led_blink.map" -Wl,--gc-sections -static --specs=nano.specs -mfpu=fpv4-sp-d16 -mfloat-abi=hard -mthumb -Wl,--start-group -lc -lm -Wl,--end-group
Finished building target: 1_built_in_led_blink.elf
 
arm-none-eabi-size   1_built_in_led_blink.elf 
arm-none-eabi-objdump -h -S  1_built_in_led_blink.elf  > "1_built_in_led_blink.list"
   text	   data	    bss	    dec	    hex	filename
    848	      8	   1568	   2424	    978	1_built_in_led_blink.elf
arm-none-eabi-objcopy  -O binary  1_built_in_led_blink.elf  "1_built_in_led_blink.bin"
Finished building: default.size.stdout
 
Finished building: 1_built_in_led_blink.list
Finished building: 1_built_in_led_blink.bin
 
 

23:15:37 Build Finished. 0 errors, 0 warnings. (took 2s.457ms)

