00:18:42 **** Incremental Build of configuration Debug for project 3_PWM_Control_for_LED_Brightness ****
make -j16 all 
arm-none-eabi-gcc "../Src/main.c" -mcpu=cortex-m4 -std=gnu11 -g3 -DDEBUG -Dstm32f4xx -DSTM32F446xx -DSTM32 -DSTM32F4 -DSTM32F446RETx -DNUCLEO_F446RE -c -I../Inc -I"D:/STM32/STM32F446RE/workspace/chip_headers/CMSIS/Include" -I"D:/STM32/STM32F446RE/workspace/chip_headers/CMSIS/Device/ST/STM32F4xx/Include" -O0 -ffunction-sections -fdata-sections -Wall -fstack-usage -MMD -MP -MF"Src/main.d" -MT"Src/main.o" --specs=nano.specs -mfpu=fpv4-sp-d16 -mfloat-abi=hard -mthumb -o "Src/main.o"
arm-none-eabi-gcc "../Src/syscalls.c" -mcpu=cortex-m4 -std=gnu11 -g3 -DDEBUG -Dstm32f4xx -DSTM32F446xx -DSTM32 -DSTM32F4 -DSTM32F446RETx -DNUCLEO_F446RE -c -I../Inc -I"D:/STM32/STM32F446RE/workspace/chip_headers/CMSIS/Include" -I"D:/STM32/STM32F446RE/workspace/chip_headers/CMSIS/Device/ST/STM32F4xx/Include" -O0 -ffunction-sections -fdata-sections -Wall -fstack-usage -MMD -MP -MF"Src/syscalls.d" -MT"Src/syscalls.o" --specs=nano.specs -mfpu=fpv4-sp-d16 -mfloat-abi=hard -mthumb -o "Src/syscalls.o"
arm-none-eabi-gcc "../Src/sysmem.c" -mcpu=cortex-m4 -std=gnu11 -g3 -DDEBUG -Dstm32f4xx -DSTM32F446xx -DSTM32 -DSTM32F4 -DSTM32F446RETx -DNUCLEO_F446RE -c -I../Inc -I"D:/STM32/STM32F446RE/workspace/chip_headers/CMSIS/Include" -I"D:/STM32/STM32F446RE/workspace/chip_headers/CMSIS/Device/ST/STM32F4xx/Include" -O0 -ffunction-sections -fdata-sections -Wall -fstack-usage -MMD -MP -MF"Src/sysmem.d" -MT"Src/sysmem.o" --specs=nano.specs -mfpu=fpv4-sp-d16 -mfloat-abi=hard -mthumb -o "Src/sysmem.o"
arm-none-eabi-gcc -o "3_PWM_Control_for_LED_Brightness.elf" @"objects.list"   -mcpu=cortex-m4 -T"D:\STM32\STM32F446RE\workspace\3_PWM_Control_for_LED_Brightness\STM32F446RETX_FLASH.ld" --specs=nosys.specs -Wl,-Map="3_PWM_Control_for_LED_Brightness.map" -Wl,--gc-sections -static --specs=nano.specs -mfpu=fpv4-sp-d16 -mfloat-abi=hard -mthumb -Wl,--start-group -lc -lm -Wl,--end-group
Finished building target: 3_PWM_Control_for_LED_Brightness.elf
 
arm-none-eabi-size   3_PWM_Control_for_LED_Brightness.elf 
arm-none-eabi-objdump -h -S  3_PWM_Control_for_LED_Brightness.elf  > "3_PWM_Control_for_LED_Brightness.list"
arm-none-eabi-objcopy  -O binary  3_PWM_Control_for_LED_Brightness.elf  "3_PWM_Control_for_LED_Brightness.bin"
   text	   data	    bss	    dec	    hex	filename
   1004	      8	   1568	   2580	    a14	3_PWM_Control_for_LED_Brightness.elf
Finished building: default.size.stdout
 
Finished building: 3_PWM_Control_for_LED_Brightness.bin
 
Finished building: 3_PWM_Control_for_LED_Brightness.list
 

00:18:43 Build Finished. 0 errors, 0 warnings. (took 1s.20ms)

