22:35:02 **** Incremental Build of configuration Debug for project 2_GPIO_Button_Controlled_Led ****
make -j16 all 
arm-none-eabi-size   2_GPIO_Button_Controlled_Led.elf 
   text	   data	    bss	    dec	    hex	filename
    840	      8	   1568	   2416	    970	2_GPIO_Button_Controlled_Led.elf
Finished building: default.size.stdout
 
22:35:24 **** Incremental Build of configuration Debug for project 2_GPIO_Button_Controlled_Led ****
make -j16 all 
arm-none-eabi-size   2_GPIO_Button_Controlled_Led.elf 
   text	   data	    bss	    dec	    hex	filename
    840	      8	   1568	   2416	    970	2_GPIO_Button_Controlled_Led.elf
Finished building: default.size.stdout
 
